{
    "code":200,
    "expire":"2022-05-10T13:04:56Z",
    "token":"eyJhbGciOiJSUzI1NiIsInR5cCI6IkpXVCJ9.eyJleHAiOjE2NTIxODc4OTYsIm9yaWdfaWF0IjoxNjUyMTg2MDk2LCJyb2xlIjoiYWRtaW4iLCJ1c2VyX25hbWUiOiJ0ZXN0VXNlck5hbWUifQ.iSc_5A73DXlBfFytwbWlzPgOqtTc4HbWMMl482fYAIBJpZQTU0t5N2Bi32RiN8zpmhihs_a5PWI4Tyd2wYycVxxAGhlTGP0mRaggsDjs2O6LZ2BGuo-dZZuORm7gF79tAnvX1vIfYzW2peDbn1lv4reUn2aiHHmfGA98S29ZysrcKDQ9pUUChV7glyy74i8E5OtCaAshbH7RqYI0gwNeo3tQY5XqCAahh9ERC2qOOijmUHWYe8J1VOD5cO6iPtJwLX9j72k5C0J_nGJRsBDkDM0zWfSX5_zv18fl2ztJhaTm81jzaGYArgyh44J2Q7pn9vIAp-XQIfUPzrehq9sU0iyHMCI54JeAjxy2iCy61fZ2m2gL2J03PtM-L-ig8IgOXgu3aSJXp4GM-Y_Fwdg_QFDGWnAEsXpb0x1HSGOjbk8c4RAceY2ZEvLzkNMcRre_nVlftDzyj6tcRQWuXiLGYcGjAJPG3d07vg0awudC1FILYapBf1hgad4xFaFKb_qsgRyUaBprRkADRFgFXMhuawEqz09s--oY1UFqMTNWyFV08sY6SwvE-aKmNfVe8OOb96NO9ErfbaHwmXGk95n1VuF4PJYiJlZICMH4WbBuhYdP2BZiqO2OgJ_T5zSUPuOGHyjSaOsQi9m7m-UyONtuR717hhe0VGJAGZwHwaFqi7k"
}