{
    "id": 1,
    "name": "testUserFullName",
    "username": "testUserName",
    "password": "hashedPassword",
    "role": "admin",
    "email": "test@example.com",
    "address": "testAddress",
    "phone": "000-0000-0000",
    "website": "ttp://test.com",
    "company": "testCompany",
    "created": "2022-05-10T12:34:56Z",
    "modified": "2022-05-10T12:34:56Z"
}