[
    {
        "address":"testAddress",
        "company":"testCompany",
        "created":"2022-05-10T12:34:56Z",
        "email":"test@example.com",
        "id":1,
        "modified":"2022-05-10T12:34:56Z",
        "name":"fullName1",
        "password":"testPassword",
        "phone":"000-0000-0000",
        "role":"admin",
        "username":"userName1",
        "website":"ttp://test.com"
    },
    {
        "address":"testAddress",
        "company":"testCompany",
        "created":"2022-05-10T12:34:56Z",
        "email":"test@example.com",
        "id":2,
        "modified":"2022-05-10T12:34:56Z",
        "name":"fullName2",
        "password":"testPassword",
        "phone":"000-0000-0000",
        "role":"admin",
        "username":"userName2",
        "website":"ttp://test.com"
    },
    {
        "address":"testAddress",
        "company":"testCompany",
        "created":"2022-05-10T12:34:56Z",
        "email":"test@example.com",
        "id":3,
        "modified":"2022-05-10T12:34:56Z",
        "name":"fullName3",
        "password":"testPassword",
        "phone":"000-0000-0000",
        "role":"admin",
        "username":"userName3",
        "website":"ttp://test.com"
    },
    {
        "address":"testAddress",
        "company":"testCompany",
        "created":"2022-05-10T12:34:56Z",
        "email":"test@example.com",
        "id":4,
        "modified":"2022-05-10T12:34:56Z",
        "name":"fullName4",
        "password":"testPassword",
        "phone":"000-0000-0000",
        "role":"admin",
        "username":"userName4",
        "website":"ttp://test.com"
    },
    {
        "address":"testAddress",
        "company":"testCompany",
        "created":"2022-05-10T12:34:56Z",
        "email":"test@example.com",
        "id":5,
        "modified":"2022-05-10T12:34:56Z",
        "name":"fullName5",
        "password":"testPassword",
        "phone":"000-0000-0000",
        "role":"admin",
        "username":"userName5",
        "website":"ttp://test.com"
    }
]

